Winner: 1
Reason: Bad Moves input for player 2

Rp        
p    P    
  P       
    Sr P  
  Rp      
    Ps    
       r  
p    PjB  
bp   jBFJ 
fb     J  
