Winner: 0
Reason: Bad Positioning input for both players
          
          
          
          
          
          
          
          
