Winner: 2
Reason: All moving PIECEs of the opponent are eaten

S         
 s        
          
          
          
          
          
          
          
          
