Winner: 0
Reason: All moving PIECEs of the opponent are eaten

S         
 s        
          
          
          
          
          
          
          
          
