Winner: 1
Reason: A tie - both Moves input files done without a winner

S         
 s        
          
          
          
          
          
          
          
          
