Winner: 2
Reason: Bad Positioning input for player 1
          
          
          
          
          
          
          
          
