Winner: 1
Reason: Bad Moves input for player 2

p         
 s        
  r       
          
    Ff    
          
          
          
          
          
