Winner: 2
Reason: Bad Moves input file for player 1

S         
 s        
          
          
          
          
          
          
          
          
