Winner: 2
Reason: All flags of the opponent are captured

f S       
 s        
          
          
          
          
          
          
          
          
