Winner: 2
Reason: Bad Moves input for player 1

S         
 s        
          
          
          
          
          
          
          
          
