Winner: 1
Reason: Bad Positioning input for player 2

          
          
          
          
          
          
          
          
          
          
