Winner: 1
Reason: All moving PIECEs of the opponent are eaten

          
 F        
          
    f     
    R     
          
          
          
          
          
